../Core/Inc/crc.h:11:10:calculateCRC16	32	static
../Core/Src/main.c:101:6:select_adc_channel	32	static
../Core/Src/main.c:135:6:convert	16	static
../Core/Src/main.c:147:6:scan_columns	16	static
../Core/Src/main.c:183:6:scan_rows	8	static
../Core/Src/main.c:208:6:read_all_sensors	8	static
../Core/Src/main.c:215:6:read_smooth	32	static
../Core/Src/main.c:236:6:eval_comm	24	static
../Core/Src/main.c:252:5:main	16	static
../Core/Src/main.c:331:6:SystemClock_Config	88	static
../Core/Src/main.c:377:13:MX_ADC1_Init	24	static
../Core/Src/main.c:463:13:MX_CRC_Init	8	static
../Core/Src/main.c:494:13:MX_USART1_UART_Init	8	static
../Core/Src/main.c:542:13:MX_USART3_UART_Init	8	static
../Core/Src/main.c:578:13:MX_GPIO_Init	56	static
../Core/Src/main.c:669:9:min	16	static
../Core/Src/main.c:674:9:max	16	static
../Core/Src/main.c:679:6:prepareTemp	16	static
../Core/Src/main.c:683:6:fillTemp	40	static
../Core/Src/main.c:696:6:sendData	72	dynamic
../Core/Src/main.c:709:6:sendDataCal	64	dynamic
../Core/Src/main.c:719:6:doMeasurements	16	static
../Core/Src/main.c:737:6:Error_Handler	8	static,ignoring_inline_asm
