../Core/Src/main.c:80:6:select_adc_channel	32	static
../Core/Src/main.c:114:6:convert	16	static
../Core/Src/main.c:126:6:scan_columns	16	static
../Core/Src/main.c:162:6:scan_rows	8	static
../Core/Src/main.c:187:6:read_all_sensors	8	static
../Core/Src/main.c:194:6:read_smooth	32	static
../Core/Src/main.c:215:6:eval_comm	24	static
../Core/Src/main.c:231:5:main	16	static
../Core/Src/main.c:298:6:SystemClock_Config	88	static
../Core/Src/main.c:344:13:MX_ADC1_Init	24	static
../Core/Src/main.c:430:13:MX_CRC_Init	8	static
../Core/Src/main.c:461:13:MX_USART1_UART_Init	8	static
../Core/Src/main.c:509:13:MX_USART3_UART_Init	8	static
../Core/Src/main.c:545:13:MX_GPIO_Init	56	static
../Core/Src/main.c:634:6:Error_Handler	8	static,ignoring_inline_asm
