11:29:13 **** Incremental Build of configuration Debug for project adc_matrix ****
make -j4 all 
arm-none-eabi-gcc "../Core/Src/main.c" -mcpu=cortex-m0plus -std=gnu11 -g3 -DDEBUG -DUSE_HAL_DRIVER -DSTM32G070xx -c -I../Core/Inc -I../Drivers/STM32G0xx_HAL_Driver/Inc -I../Drivers/STM32G0xx_HAL_Driver/Inc/Legacy -I../Drivers/CMSIS/Device/ST/STM32G0xx/Include -I../Drivers/CMSIS/Include -O0 -ffunction-sections -fdata-sections -Wall -fstack-usage -fcyclomatic-complexity -MMD -MP -MF"Core/Src/main.d" -MT"Core/Src/main.o" --specs=nano.specs -mfloat-abi=soft -mthumb -o "Core/Src/main.o"
arm-none-eabi-gcc -o "adc_matrix.elf" @"objects.list"   -mcpu=cortex-m0plus -T"/home/tjp/TJP_PRV/adc_matrix/SW/adc_matrix/STM32G070CBTX_FLASH.ld" --specs=nosys.specs -Wl,-Map="adc_matrix.map" -Wl,--gc-sections -static --specs=nano.specs -mfloat-abi=soft -mthumb -Wl,--start-group -lc -lm -Wl,--end-group
Finished building target: adc_matrix.elf
 
arm-none-eabi-size   adc_matrix.elf 
arm-none-eabi-objdump -h -S  adc_matrix.elf  > "adc_matrix.list"
   text	   data	    bss	    dec	    hex	filename
  18584	    120	   2344	  21048	   5238	adc_matrix.elf
Finished building: default.size.stdout
 
Finished building: adc_matrix.list
 
11:30:01 **** Incremental Build of configuration Debug for project adc_matrix ****
make -j4 all 
arm-none-eabi-size   adc_matrix.elf 
   text	   data	    bss	    dec	    hex	filename
  18584	    120	   2344	  21048	   5238	adc_matrix.elf
Finished building: default.size.stdout
 
11:31:40 **** Incremental Build of configuration Debug for project adc_matrix ****
make -j4 all 
arm-none-eabi-size   adc_matrix.elf 
   text	   data	    bss	    dec	    hex	filename
  18584	    120	   2344	  21048	   5238	adc_matrix.elf
Finished building: default.size.stdout
 
11:33:05 **** Incremental Build of configuration Debug for project adc_matrix ****
make -j4 all 
arm-none-eabi-gcc "../Core/Src/main.c" -mcpu=cortex-m0plus -std=gnu11 -g3 -DDEBUG -DUSE_HAL_DRIVER -DSTM32G070xx -c -I../Core/Inc -I../Drivers/STM32G0xx_HAL_Driver/Inc -I../Drivers/STM32G0xx_HAL_Driver/Inc/Legacy -I../Drivers/CMSIS/Device/ST/STM32G0xx/Include -I../Drivers/CMSIS/Include -O0 -ffunction-sections -fdata-sections -Wall -fstack-usage -fcyclomatic-complexity -MMD -MP -MF"Core/Src/main.d" -MT"Core/Src/main.o" --specs=nano.specs -mfloat-abi=soft -mthumb -o "Core/Src/main.o"
../Core/Src/main.c: In function 'main':
../Core/Src/main.c:270:4: warning: statement with no effect [-Wunused-value]
  270 |    read_smooth;
      |    ^~~~~~~~~~~
arm-none-eabi-gcc -o "adc_matrix.elf" @"objects.list"   -mcpu=cortex-m0plus -T"/home/tjp/TJP_PRV/adc_matrix/SW/adc_matrix/STM32G070CBTX_FLASH.ld" --specs=nosys.specs -Wl,-Map="adc_matrix.map" -Wl,--gc-sections -static --specs=nano.specs -mfloat-abi=soft -mthumb -Wl,--start-group -lc -lm -Wl,--end-group
Finished building target: adc_matrix.elf
 
arm-none-eabi-size   adc_matrix.elf 
arm-none-eabi-objdump -h -S  adc_matrix.elf  > "adc_matrix.list"
   text	   data	    bss	    dec	    hex	filename
  17000	    120	   2312	  19432	   4be8	adc_matrix.elf
Finished building: default.size.stdout
 
Finished building: adc_matrix.list
 
11:33:55 **** Incremental Build of configuration Debug for project adc_matrix ****
make -j4 all 
arm-none-eabi-size   adc_matrix.elf 
   text	   data	    bss	    dec	    hex	filename
  17000	    120	   2312	  19432	   4be8	adc_matrix.elf
Finished building: default.size.stdout
 
11:35:21 **** Incremental Build of configuration Debug for project adc_matrix ****
make -j4 all 
arm-none-eabi-gcc "../Core/Src/main.c" -mcpu=cortex-m0plus -std=gnu11 -g3 -DDEBUG -DUSE_HAL_DRIVER -DSTM32G070xx -c -I../Core/Inc -I../Drivers/STM32G0xx_HAL_Driver/Inc -I../Drivers/STM32G0xx_HAL_Driver/Inc/Legacy -I../Drivers/CMSIS/Device/ST/STM32G0xx/Include -I../Drivers/CMSIS/Include -O0 -ffunction-sections -fdata-sections -Wall -fstack-usage -fcyclomatic-complexity -MMD -MP -MF"Core/Src/main.d" -MT"Core/Src/main.o" --specs=nano.specs -mfloat-abi=soft -mthumb -o "Core/Src/main.o"
arm-none-eabi-gcc -o "adc_matrix.elf" @"objects.list"   -mcpu=cortex-m0plus -T"/home/tjp/TJP_PRV/adc_matrix/SW/adc_matrix/STM32G070CBTX_FLASH.ld" --specs=nosys.specs -Wl,-Map="adc_matrix.map" -Wl,--gc-sections -static --specs=nano.specs -mfloat-abi=soft -mthumb -Wl,--start-group -lc -lm -Wl,--end-group
Finished building target: adc_matrix.elf
 
arm-none-eabi-size   adc_matrix.elf 
arm-none-eabi-objdump -h -S  adc_matrix.elf  > "adc_matrix.list"
   text	   data	    bss	    dec	    hex	filename
  20640	    120	   2664	  23424	   5b80	adc_matrix.elf
Finished building: default.size.stdout
 
Finished building: adc_matrix.list
 
11:36:09 **** Incremental Build of configuration Debug for project adc_matrix ****
make -j4 all 
arm-none-eabi-size   adc_matrix.elf 
   text	   data	    bss	    dec	    hex	filename
  20640	    120	   2664	  23424	   5b80	adc_matrix.elf
Finished building: default.size.stdout
 
11:39:37 **** Incremental Build of configuration Debug for project adc_matrix ****
make -j4 all 
arm-none-eabi-size   adc_matrix.elf 
   text	   data	    bss	    dec	    hex	filename
  20640	    120	   2664	  23424	   5b80	adc_matrix.elf
Finished building: default.size.stdout
 
11:43:40 **** Incremental Build of configuration Debug for project adc_matrix ****
make -j4 all 
arm-none-eabi-gcc "../Core/Src/main.c" -mcpu=cortex-m0plus -std=gnu11 -g3 -DDEBUG -DUSE_HAL_DRIVER -DSTM32G070xx -c -I../Core/Inc -I../Drivers/STM32G0xx_HAL_Driver/Inc -I../Drivers/STM32G0xx_HAL_Driver/Inc/Legacy -I../Drivers/CMSIS/Device/ST/STM32G0xx/Include -I../Drivers/CMSIS/Include -O0 -ffunction-sections -fdata-sections -Wall -fstack-usage -fcyclomatic-complexity -MMD -MP -MF"Core/Src/main.d" -MT"Core/Src/main.o" --specs=nano.specs -mfloat-abi=soft -mthumb -o "Core/Src/main.o"
arm-none-eabi-gcc -o "adc_matrix.elf" @"objects.list"   -mcpu=cortex-m0plus -T"/home/tjp/TJP_PRV/adc_matrix/SW/adc_matrix/STM32G070CBTX_FLASH.ld" --specs=nosys.specs -Wl,-Map="adc_matrix.map" -Wl,--gc-sections -static --specs=nano.specs -mfloat-abi=soft -mthumb -Wl,--start-group -lc -lm -Wl,--end-group
Finished building target: adc_matrix.elf
 
arm-none-eabi-size   adc_matrix.elf 
arm-none-eabi-objdump -h -S  adc_matrix.elf  > "adc_matrix.list"
   text	   data	    bss	    dec	    hex	filename
  20636	    120	   2664	  23420	   5b7c	adc_matrix.elf
Finished building: default.size.stdout
 
Finished building: adc_matrix.list
 
11:45:21 **** Incremental Build of configuration Debug for project adc_matrix ****
make -j4 all 
arm-none-eabi-size   adc_matrix.elf 
   text	   data	    bss	    dec	    hex	filename
  20636	    120	   2664	  23420	   5b7c	adc_matrix.elf
Finished building: default.size.stdout
 
11:56:11 **** Incremental Build of configuration Debug for project adc_matrix ****
make -j4 all 
arm-none-eabi-gcc "../Core/Src/main.c" -mcpu=cortex-m0plus -std=gnu11 -g3 -DDEBUG -DUSE_HAL_DRIVER -DSTM32G070xx -c -I../Core/Inc -I../Drivers/STM32G0xx_HAL_Driver/Inc -I../Drivers/STM32G0xx_HAL_Driver/Inc/Legacy -I../Drivers/CMSIS/Device/ST/STM32G0xx/Include -I../Drivers/CMSIS/Include -O0 -ffunction-sections -fdata-sections -Wall -fstack-usage -fcyclomatic-complexity -MMD -MP -MF"Core/Src/main.d" -MT"Core/Src/main.o" --specs=nano.specs -mfloat-abi=soft -mthumb -o "Core/Src/main.o"
arm-none-eabi-gcc -o "adc_matrix.elf" @"objects.list"   -mcpu=cortex-m0plus -T"/home/tjp/TJP_PRV/adc_matrix/SW/adc_matrix/STM32G070CBTX_FLASH.ld" --specs=nosys.specs -Wl,-Map="adc_matrix.map" -Wl,--gc-sections -static --specs=nano.specs -mfloat-abi=soft -mthumb -Wl,--start-group -lc -lm -Wl,--end-group
Finished building target: adc_matrix.elf
 
arm-none-eabi-size   adc_matrix.elf 
arm-none-eabi-objdump -h -S  adc_matrix.elf  > "adc_matrix.list"
   text	   data	    bss	    dec	    hex	filename
  20620	    120	   2664	  23404	   5b6c	adc_matrix.elf
Finished building: default.size.stdout
 
Finished building: adc_matrix.list
 
11:58:43 **** Incremental Build of configuration Debug for project adc_matrix ****
make -j4 all 
arm-none-eabi-gcc "../Core/Src/main.c" -mcpu=cortex-m0plus -std=gnu11 -g3 -DDEBUG -DUSE_HAL_DRIVER -DSTM32G070xx -c -I../Core/Inc -I../Drivers/STM32G0xx_HAL_Driver/Inc -I../Drivers/STM32G0xx_HAL_Driver/Inc/Legacy -I../Drivers/CMSIS/Device/ST/STM32G0xx/Include -I../Drivers/CMSIS/Include -O0 -ffunction-sections -fdata-sections -Wall -fstack-usage -fcyclomatic-complexity -MMD -MP -MF"Core/Src/main.d" -MT"Core/Src/main.o" --specs=nano.specs -mfloat-abi=soft -mthumb -o "Core/Src/main.o"
arm-none-eabi-gcc -o "adc_matrix.elf" @"objects.list"   -mcpu=cortex-m0plus -T"/home/tjp/TJP_PRV/adc_matrix/SW/adc_matrix/STM32G070CBTX_FLASH.ld" --specs=nosys.specs -Wl,-Map="adc_matrix.map" -Wl,--gc-sections -static --specs=nano.specs -mfloat-abi=soft -mthumb -Wl,--start-group -lc -lm -Wl,--end-group
Finished building target: adc_matrix.elf
 
arm-none-eabi-size   adc_matrix.elf 
arm-none-eabi-objdump -h -S  adc_matrix.elf  > "adc_matrix.list"
   text	   data	    bss	    dec	    hex	filename
  20620	    120	   2664	  23404	   5b6c	adc_matrix.elf
Finished building: default.size.stdout
 
Finished building: adc_matrix.list
 
